[rospy.client][INFO] 2025-12-04 22:57:45,266: init_node, name[/tiago_simple_image_capture_11058_1764885465138], pid[11058]
[xmlrpc][INFO] 2025-12-04 22:57:45,268: XML-RPC server binding to 127.0.0.1:0
[xmlrpc][INFO] 2025-12-04 22:57:45,269: Started XML-RPC server [http://127.0.0.1:46405/]
[rospy.init][INFO] 2025-12-04 22:57:45,269: ROS Slave URI: [http://127.0.0.1:46405/]
[rospy.impl.masterslave][INFO] 2025-12-04 22:57:45,270: _ready: http://127.0.0.1:46405/
[rospy.registration][INFO] 2025-12-04 22:57:45,271: Registering with master node http://localhost:11311/
[xmlrpc][INFO] 2025-12-04 22:57:45,272: xml rpc node: starting XML-RPC server
[rospy.init][INFO] 2025-12-04 22:57:45,370: registered with master
[rospy.rosout][INFO] 2025-12-04 22:57:45,371: initializing /rosout core topic
[rospy.rosout][INFO] 2025-12-04 22:57:45,382: connected to core topic /rosout
[rospy.simtime][INFO] 2025-12-04 22:57:45,386: initializing /clock core topic
[rospy.simtime][INFO] 2025-12-04 22:57:45,392: connected to core topic /clock
[rospy.internal][INFO] 2025-12-04 22:57:45,520: topic[/xtion/rgb/image_raw] adding connection to [http://127.0.0.1:46517/], count 0
[rospy.internal][INFO] 2025-12-04 22:57:45,549: topic[/clock] adding connection to [http://127.0.0.1:46517/], count 0
[rospy.internal][INFO] 2025-12-04 22:57:45,603: topic[/rosout] adding connection to [/rosout], count 0
[rospy.internal][INFO] 2025-12-04 22:57:45,757: topic[/torso_controller/command] adding connection to [/gazebo], count 0
[rospy.internal][INFO] 2025-12-04 22:57:45,758: topic[/head_controller/command] adding connection to [/gazebo], count 0
[rosout][INFO] 2025-12-04 22:57:50,030: Début de la capture panoramique
[rosout][INFO] 2025-12-04 22:57:50,034: Position 1/4
[rosout][INFO] 2025-12-04 22:57:50,038: Torse déplacé: height=0.15
[rosout][INFO] 2025-12-04 22:57:52,991: Tête déplacée: pan=0.0, tilt=-0.7
[rosout][INFO] 2025-12-04 22:57:57,644: Image sauvegardée: /home/pal/ros_ws/data/images/table_position_1_20251204_225757.png
[rosout][INFO] 2025-12-04 22:57:59,296: Position 2/4
[rosout][INFO] 2025-12-04 22:57:59,306: Torse déplacé: height=0.15
[rosout][INFO] 2025-12-04 22:58:02,492: Tête déplacée: pan=0.4, tilt=-0.6
[rosout][INFO] 2025-12-04 22:58:07,423: Image sauvegardée: /home/pal/ros_ws/data/images/table_position_2_20251204_225807.png
[rosout][INFO] 2025-12-04 22:58:09,136: Position 3/4
[rosout][INFO] 2025-12-04 22:58:09,142: Torse déplacé: height=0.15
[rosout][INFO] 2025-12-04 22:58:12,227: Tête déplacée: pan=-0.4, tilt=-0.6
[rosout][INFO] 2025-12-04 22:58:17,423: Image sauvegardée: /home/pal/ros_ws/data/images/table_position_3_20251204_225817.png
[rosout][INFO] 2025-12-04 22:58:18,970: Position 4/4
[rosout][INFO] 2025-12-04 22:58:18,976: Torse déplacé: height=0.2
[rosout][INFO] 2025-12-04 22:58:22,234: Tête déplacée: pan=0.0, tilt=-0.4
[rosout][INFO] 2025-12-04 22:58:26,911: Image sauvegardée: /home/pal/ros_ws/data/images/table_position_4_20251204_225826.png
[rosout][INFO] 2025-12-04 22:58:28,387: Capture terminée
[rospy.core][INFO] 2025-12-04 22:58:28,391: signal_shutdown [atexit]
[rospy.internal][INFO] 2025-12-04 22:58:28,396: topic[/rosout] removing connection to /rosout
[rospy.internal][INFO] 2025-12-04 22:58:28,399: topic[/head_controller/command] removing connection to /gazebo
[rospy.internal][INFO] 2025-12-04 22:58:28,399: topic[/torso_controller/command] removing connection to /gazebo
[rospy.internal][INFO] 2025-12-04 22:58:28,400: topic[/clock] removing connection to http://127.0.0.1:46517/
[rospy.internal][INFO] 2025-12-04 22:58:28,405: topic[/xtion/rgb/image_raw] removing connection to http://127.0.0.1:46517/
[rospy.impl.masterslave][INFO] 2025-12-04 22:58:28,405: atexit
