[rospy.client][INFO] 2025-12-04 20:12:49,103: init_node, name[/default_controllers_spawner], pid[2426]
[xmlrpc][INFO] 2025-12-04 20:12:49,104: XML-RPC server binding to 127.0.0.1:0
[xmlrpc][INFO] 2025-12-04 20:12:49,109: Started XML-RPC server [http://127.0.0.1:34557/]
[rospy.init][INFO] 2025-12-04 20:12:49,112: ROS Slave URI: [http://127.0.0.1:34557/]
[rospy.impl.masterslave][INFO] 2025-12-04 20:12:49,114: _ready: http://127.0.0.1:34557/
[rospy.registration][INFO] 2025-12-04 20:12:49,122: Registering with master node http://localhost:11311/
[xmlrpc][INFO] 2025-12-04 20:12:49,122: xml rpc node: starting XML-RPC server
[rospy.init][INFO] 2025-12-04 20:12:49,215: registered with master
[rospy.rosout][INFO] 2025-12-04 20:12:49,216: initializing /rosout core topic
[rospy.rosout][INFO] 2025-12-04 20:12:49,237: connected to core topic /rosout
[rospy.simtime][INFO] 2025-12-04 20:12:49,243: initializing /clock core topic
[rospy.simtime][INFO] 2025-12-04 20:12:49,265: connected to core topic /clock
[rosout][INFO] 2025-12-04 20:12:49,284: Controller Spawner: Waiting for service controller_manager/load_controller
[rospy.internal][INFO] 2025-12-04 20:12:49,334: topic[/clock] adding connection to [http://127.0.0.1:39931/], count 0
[rosout][INFO] 2025-12-04 20:12:49,308: Controller Spawner: Waiting for service controller_manager/switch_controller
[rosout][INFO] 2025-12-04 20:12:49,384: Controller Spawner: Waiting for service controller_manager/unload_controller
[rosout][INFO] 2025-12-04 20:12:49,423: Loading controller: joint_state_controller
[rospy.impl.masterslave][INFO] 2025-12-04 20:12:49,579: external shutdown request from [/master]: [/default_controllers_spawner] Reason: new node registered with same name
[rospy.core][INFO] 2025-12-04 20:12:49,579: signal_shutdown [external shutdown request from [/master]: [[/default_controllers_spawner] Reason: new node registered with same name]]
[rosout][INFO] 2025-12-04 20:12:49,579: Shutting down spawner. Stopping and unloading controllers...
[rospy.core][INFO] 2025-12-04 20:12:50,110: signal_shutdown [signal-2]
[rosout][ERROR] 2025-12-04 20:12:50,467: Failed to load joint_state_controller
[rosout][INFO] 2025-12-04 20:12:50,468: Loading controller: torso_controller
[rosout][INFO] 2025-12-04 20:12:50,501: Loading controller: head_controller
[rosout][INFO] 2025-12-04 20:12:50,540: Loading controller: arm_controller
[rosout][INFO] 2025-12-04 20:12:50,594: Loading controller: mobile_base_controller
[rosout][INFO] 2025-12-04 20:12:50,595: Stopping all controllers...
[rosout][INFO] 2025-12-04 20:12:50,649: Unloading all loaded controllers...
[rosout][INFO] 2025-12-04 20:12:50,651: Trying to unload arm_controller
[rosout][INFO] 2025-12-04 20:12:50,661: Succeeded in unloading arm_controller
[rosout][INFO] 2025-12-04 20:12:50,662: Trying to unload head_controller
[rosout][INFO] 2025-12-04 20:12:50,679: Succeeded in unloading head_controller
[rosout][INFO] 2025-12-04 20:12:50,681: Trying to unload torso_controller
[rosout][INFO] 2025-12-04 20:12:50,704: Succeeded in unloading torso_controller
[rospy.internal][INFO] 2025-12-04 20:12:50,711: topic[/clock] removing connection to http://127.0.0.1:39931/
[rosout][ERROR] 2025-12-04 20:12:51,650: Failed to load mobile_base_controller
[rosout][INFO] 2025-12-04 20:12:51,651: Controller Spawner: Loaded controllers: torso_controller, head_controller, arm_controller
[rospy.core][INFO] 2025-12-04 20:12:51,653: signal_shutdown [atexit]
[rospy.client][INFO] 2025-12-04 20:16:39,847: init_node, name[/default_controllers_spawner], pid[3235]
[xmlrpc][INFO] 2025-12-04 20:16:39,847: XML-RPC server binding to 127.0.0.1:0
[xmlrpc][INFO] 2025-12-04 20:16:39,848: Started XML-RPC server [http://127.0.0.1:44919/]
[rospy.impl.masterslave][INFO] 2025-12-04 20:16:39,848: _ready: http://127.0.0.1:44919/
[rospy.init][INFO] 2025-12-04 20:16:39,848: ROS Slave URI: [http://127.0.0.1:44919/]
[xmlrpc][INFO] 2025-12-04 20:16:39,850: xml rpc node: starting XML-RPC server
[rospy.registration][INFO] 2025-12-04 20:16:39,850: Registering with master node http://localhost:11311/
[rospy.init][INFO] 2025-12-04 20:16:39,950: registered with master
[rospy.rosout][INFO] 2025-12-04 20:16:39,951: initializing /rosout core topic
[rospy.rosout][INFO] 2025-12-04 20:16:39,975: connected to core topic /rosout
[rospy.simtime][INFO] 2025-12-04 20:16:39,987: initializing /clock core topic
[rospy.simtime][INFO] 2025-12-04 20:16:40,011: connected to core topic /clock
[rospy.internal][INFO] 2025-12-04 20:16:40,071: topic[/clock] adding connection to [http://127.0.0.1:39931/], count 0
[rospy.internal][INFO] 2025-12-04 20:16:40,170: topic[/rosout] adding connection to [/rosout], count 0
[rosout][INFO] 2025-12-04 20:16:40,074: Controller Spawner: Waiting for service controller_manager/load_controller
[rosout][INFO] 2025-12-04 20:16:40,229: Controller Spawner: Waiting for service controller_manager/switch_controller
[rosout][INFO] 2025-12-04 20:16:40,486: Controller Spawner: Waiting for service controller_manager/unload_controller
[rosout][INFO] 2025-12-04 20:16:40,563: Loading controller: joint_state_controller
[rosout][INFO] 2025-12-04 20:16:40,623: Loading controller: torso_controller
[rosout][INFO] 2025-12-04 20:16:40,838: Loading controller: head_controller
[rospy.core][INFO] 2025-12-04 20:16:40,992: signal_shutdown [signal-2]
[rosout][INFO] 2025-12-04 20:16:40,992: Shutting down spawner. Stopping and unloading controllers...
[rosout][INFO] 2025-12-04 20:16:42,005: Stopping all controllers...
[rosout][INFO] 2025-12-04 20:16:42,008: Unloading all loaded controllers...
[rosout][INFO] 2025-12-04 20:16:42,009: Trying to unload torso_controller
[rosout][INFO] 2025-12-04 20:16:42,020: Succeeded in unloading torso_controller
[rosout][INFO] 2025-12-04 20:16:42,023: Trying to unload joint_state_controller
[rosout][INFO] 2025-12-04 20:16:42,033: Succeeded in unloading joint_state_controller
[rospy.internal][INFO] 2025-12-04 20:16:42,037: topic[/rosout] removing connection to /rosout
[rospy.internal][INFO] 2025-12-04 20:16:42,038: topic[/clock] removing connection to http://127.0.0.1:39931/
[rospy.impl.masterslave][INFO] 2025-12-04 20:16:42,038: signal-2
[rospy.core][INFO] 2025-12-04 20:16:42,734: signal_shutdown [atexit]
[rospy.client][INFO] 2025-12-04 20:19:26,513: init_node, name[/default_controllers_spawner], pid[4125]
[xmlrpc][INFO] 2025-12-04 20:19:26,513: XML-RPC server binding to 127.0.0.1:0
[xmlrpc][INFO] 2025-12-04 20:19:26,514: Started XML-RPC server [http://127.0.0.1:39993/]
[rospy.impl.masterslave][INFO] 2025-12-04 20:19:26,516: _ready: http://127.0.0.1:39993/
[rospy.init][INFO] 2025-12-04 20:19:26,514: ROS Slave URI: [http://127.0.0.1:39993/]
[rospy.registration][INFO] 2025-12-04 20:19:26,520: Registering with master node http://localhost:11311/
[xmlrpc][INFO] 2025-12-04 20:19:26,520: xml rpc node: starting XML-RPC server
[rospy.init][INFO] 2025-12-04 20:19:26,617: registered with master
[rospy.rosout][INFO] 2025-12-04 20:19:26,617: initializing /rosout core topic
[rospy.rosout][INFO] 2025-12-04 20:19:26,647: connected to core topic /rosout
[rospy.simtime][INFO] 2025-12-04 20:19:26,655: initializing /clock core topic
[rospy.simtime][INFO] 2025-12-04 20:19:26,679: connected to core topic /clock
[rosout][INFO] 2025-12-04 20:19:26,710: Controller Spawner: Waiting for service controller_manager/load_controller
[rosout][INFO] 2025-12-04 20:19:26,826: Controller Spawner: Waiting for service controller_manager/switch_controller
[rospy.internal][INFO] 2025-12-04 20:19:26,839: topic[/clock] adding connection to [http://127.0.0.1:39931/], count 0
[rosout][INFO] 2025-12-04 20:19:26,860: Controller Spawner: Waiting for service controller_manager/unload_controller
[rosout][INFO] 2025-12-04 20:19:26,889: Loading controller: joint_state_controller
[rospy.internal][INFO] 2025-12-04 20:19:26,949: topic[/rosout] adding connection to [/rosout], count 0
[rosout][INFO] 2025-12-04 20:19:26,973: Loading controller: torso_controller
[rosout][INFO] 2025-12-04 20:19:27,069: Loading controller: head_controller
[rospy.core][INFO] 2025-12-04 20:19:27,691: signal_shutdown [signal-2]
[rosout][INFO] 2025-12-04 20:19:27,692: Shutting down spawner. Stopping and unloading controllers...
[rosout][INFO] 2025-12-04 20:19:28,698: Stopping all controllers...
[rosout][INFO] 2025-12-04 20:19:28,703: Unloading all loaded controllers...
[rosout][INFO] 2025-12-04 20:19:28,705: Trying to unload torso_controller
[rosout][INFO] 2025-12-04 20:19:28,716: Succeeded in unloading torso_controller
[rosout][INFO] 2025-12-04 20:19:28,718: Trying to unload joint_state_controller
[rosout][INFO] 2025-12-04 20:19:28,728: Succeeded in unloading joint_state_controller
[rospy.internal][INFO] 2025-12-04 20:19:28,732: topic[/rosout] removing connection to /rosout
[rospy.internal][INFO] 2025-12-04 20:19:28,733: topic[/clock] removing connection to http://127.0.0.1:39931/
[rospy.impl.masterslave][INFO] 2025-12-04 20:19:28,733: signal-2
[rosout][ERROR] 2025-12-04 20:19:29,331: Failed to load head_controller
[rosout][INFO] 2025-12-04 20:19:29,333: Loading controller: arm_controller
[rospy.core][INFO] 2025-12-04 20:19:29,427: signal_shutdown [atexit]
