[rospy.client][INFO] 2025-12-04 21:21:30,497: init_node, name[/default_controllers_spawner], pid[6680]
[xmlrpc][INFO] 2025-12-04 21:21:30,497: XML-RPC server binding to 127.0.0.1:0
[xmlrpc][INFO] 2025-12-04 21:21:30,498: Started XML-RPC server [http://127.0.0.1:42907/]
[rospy.init][INFO] 2025-12-04 21:21:30,498: ROS Slave URI: [http://127.0.0.1:42907/]
[rospy.impl.masterslave][INFO] 2025-12-04 21:21:30,499: _ready: http://127.0.0.1:42907/
[rospy.registration][INFO] 2025-12-04 21:21:30,500: Registering with master node http://localhost:11311/
[xmlrpc][INFO] 2025-12-04 21:21:30,501: xml rpc node: starting XML-RPC server
[rospy.init][INFO] 2025-12-04 21:21:30,600: registered with master
[rospy.rosout][INFO] 2025-12-04 21:21:30,601: initializing /rosout core topic
[rospy.rosout][INFO] 2025-12-04 21:21:30,614: connected to core topic /rosout
[rospy.simtime][INFO] 2025-12-04 21:21:30,619: initializing /clock core topic
[rospy.simtime][INFO] 2025-12-04 21:21:30,625: connected to core topic /clock
[rosout][INFO] 2025-12-04 21:21:30,633: Controller Spawner: Waiting for service controller_manager/load_controller
[rospy.internal][INFO] 2025-12-04 21:21:30,797: topic[/rosout] adding connection to [/rosout], count 0
[rospy.internal][INFO] 2025-12-04 21:21:33,026: topic[/clock] adding connection to [http://127.0.0.1:39377/], count 0
[rosout][INFO] 2025-12-04 21:21:33,356: Controller Spawner: Waiting for service controller_manager/switch_controller
[rosout][INFO] 2025-12-04 21:21:33,361: Controller Spawner: Waiting for service controller_manager/unload_controller
[rosout][INFO] 2025-12-04 21:21:33,365: Loading controller: joint_state_controller
[rosout][INFO] 2025-12-04 21:21:33,381: Loading controller: torso_controller
[rosout][INFO] 2025-12-04 21:21:33,492: Loading controller: head_controller
[rosout][INFO] 2025-12-04 21:21:33,665: Loading controller: arm_controller
[rosout][INFO] 2025-12-04 21:21:34,211: Loading controller: mobile_base_controller
[rosout][INFO] 2025-12-04 21:21:34,366: Controller Spawner: Loaded controllers: joint_state_controller, torso_controller, head_controller, arm_controller, mobile_base_controller
[rosout][INFO] 2025-12-04 21:21:34,390: Started controllers: joint_state_controller, torso_controller, head_controller, arm_controller, mobile_base_controller
[rospy.impl.masterslave][INFO] 2025-12-04 21:50:03,353: external shutdown request from [/master]: [/default_controllers_spawner] Reason: new node registered with same name
[rospy.core][INFO] 2025-12-04 21:50:03,355: signal_shutdown [external shutdown request from [/master]: [[/default_controllers_spawner] Reason: new node registered with same name]]
[rosout][INFO] 2025-12-04 21:50:03,355: Shutting down spawner. Stopping and unloading controllers...
[rospy.internal][INFO] 2025-12-04 21:50:03,524: topic[/rosout] removing connection to /rosout
[rosout][INFO] 2025-12-04 21:50:04,428: Stopping all controllers...
[rosout][INFO] 2025-12-04 21:50:04,463: Unloading all loaded controllers...
[rosout][INFO] 2025-12-04 21:50:04,472: Trying to unload mobile_base_controller
[rosout][INFO] 2025-12-04 21:50:04,508: Succeeded in unloading mobile_base_controller
[rosout][INFO] 2025-12-04 21:50:04,511: Trying to unload arm_controller
[rosout][INFO] 2025-12-04 21:50:04,602: Succeeded in unloading arm_controller
[rosout][INFO] 2025-12-04 21:50:04,610: Trying to unload head_controller
[rosout][INFO] 2025-12-04 21:50:04,653: Succeeded in unloading head_controller
[rosout][INFO] 2025-12-04 21:50:04,655: Trying to unload torso_controller
[rosout][INFO] 2025-12-04 21:50:04,705: Succeeded in unloading torso_controller
[rosout][INFO] 2025-12-04 21:50:04,710: Trying to unload joint_state_controller
[rosout][INFO] 2025-12-04 21:50:04,726: Succeeded in unloading joint_state_controller
[rospy.internal][INFO] 2025-12-04 21:50:04,734: topic[/clock] removing connection to http://127.0.0.1:39377/
[rospy.internal][ERROR] 2025-12-04 21:50:04,735: Traceback (most recent call last):
  File "/opt/ros/noetic/lib/python3/dist-packages/rospy/impl/tcpros_base.py", line 739, in receive_once
    sock.setblocking(1)
OSError: [Errno 9] Bad file descriptor

[rospy.core][INFO] 2025-12-04 21:50:05,035: signal_shutdown [atexit]
